------------------------------------------------------------
Timing Analyzer Summary
------------------------------------------------------------

Type  : Slow 1000mV 85C Model Setup 'altera_reserved_tck'
Slack : 43.262
TNS   : 0.000

Type  : Slow 1000mV 85C Model Hold 'altera_reserved_tck'
Slack : 0.422
TNS   : 0.000

Type  : Slow 1000mV 85C Model Recovery 'altera_reserved_tck'
Slack : 96.454
TNS   : 0.000

Type  : Slow 1000mV 85C Model Removal 'altera_reserved_tck'
Slack : 1.262
TNS   : 0.000

Type  : Slow 1000mV 85C Model Minimum Pulse Width 'altera_reserved_tck'
Slack : 49.651
TNS   : 0.000

Type  : Slow 1000mV 0C Model Setup 'altera_reserved_tck'
Slack : 43.555
TNS   : 0.000

Type  : Slow 1000mV 0C Model Hold 'altera_reserved_tck'
Slack : 0.495
TNS   : 0.000

Type  : Slow 1000mV 0C Model Recovery 'altera_reserved_tck'
Slack : 96.590
TNS   : 0.000

Type  : Slow 1000mV 0C Model Removal 'altera_reserved_tck'
Slack : 1.246
TNS   : 0.000

Type  : Slow 1000mV 0C Model Minimum Pulse Width 'altera_reserved_tck'
Slack : 49.616
TNS   : 0.000

Type  : Fast 1000mV 0C Model Setup 'altera_reserved_tck'
Slack : 46.220
TNS   : 0.000

Type  : Fast 1000mV 0C Model Hold 'altera_reserved_tck'
Slack : 0.278
TNS   : 0.000

Type  : Fast 1000mV 0C Model Recovery 'altera_reserved_tck'
Slack : 97.900
TNS   : 0.000

Type  : Fast 1000mV 0C Model Removal 'altera_reserved_tck'
Slack : 0.712
TNS   : 0.000

Type  : Fast 1000mV 0C Model Minimum Pulse Width 'altera_reserved_tck'
Slack : 49.493
TNS   : 0.000

------------------------------------------------------------
